mode: set
github.com/mascarock/gopayments/handler/handler.go:16.34,18.2 1 1
github.com/mascarock/gopayments/handler/handler.go:20.66,24.2 3 1
github.com/mascarock/gopayments/handler/handler.go:26.64,28.2 1 1
github.com/mascarock/gopayments/handler/handler.go:30.52,32.2 1 1
github.com/mascarock/gopayments/handler/handler.go:37.93,40.18 3 1
github.com/mascarock/gopayments/handler/handler.go:40.18,43.3 2 1
github.com/mascarock/gopayments/handler/handler.go:45.2,46.9 2 1
github.com/mascarock/gopayments/handler/handler.go:46.9,49.3 2 1
github.com/mascarock/gopayments/handler/handler.go:51.2,51.76 1 1
github.com/mascarock/gopayments/handler/handler.go:51.76,54.3 2 1
github.com/mascarock/gopayments/handler/handler.go:55.2,55.17 1 1
github.com/mascarock/gopayments/handler/handler.go:60.74,63.9 3 0
github.com/mascarock/gopayments/handler/handler.go:63.9,66.3 2 0
github.com/mascarock/gopayments/handler/handler.go:67.2,70.4 1 0
github.com/mascarock/gopayments/handler/handler.go:73.71,76.28 3 1
github.com/mascarock/gopayments/handler/handler.go:76.28,79.3 2 1
github.com/mascarock/gopayments/handler/handler.go:80.2,80.37 1 1
github.com/mascarock/gopayments/handler/handler.go:83.69,85.9 2 1
github.com/mascarock/gopayments/handler/handler.go:85.9,88.3 2 1
github.com/mascarock/gopayments/handler/handler.go:89.2,89.46 1 1
github.com/mascarock/gopayments/handler/handler.go:92.72,97.61 2 1
github.com/mascarock/gopayments/handler/handler.go:97.61,100.3 2 1
github.com/mascarock/gopayments/handler/handler.go:101.2,101.39 1 1
github.com/mascarock/gopayments/handler/handler.go:101.39,104.3 2 1
github.com/mascarock/gopayments/handler/handler.go:105.2,119.4 2 1
github.com/mascarock/gopayments/handler/handler.go:124.70,126.9 2 1
github.com/mascarock/gopayments/handler/handler.go:126.9,129.3 2 1
github.com/mascarock/gopayments/handler/handler.go:130.2,130.37 1 1
github.com/mascarock/gopayments/handler/handler.go:133.67,135.9 2 1
github.com/mascarock/gopayments/handler/handler.go:135.9,137.3 1 1
github.com/mascarock/gopayments/handler/handler.go:138.2,139.9 2 1
github.com/mascarock/gopayments/handler/handler.go:139.9,141.3 1 1
github.com/mascarock/gopayments/handler/handler.go:142.2,143.16 2 1
github.com/mascarock/gopayments/handler/handler.go:143.16,146.3 2 0
github.com/mascarock/gopayments/handler/handler.go:147.2,147.33 1 1
github.com/mascarock/gopayments/handler/handler.go:150.68,152.9 2 1
github.com/mascarock/gopayments/handler/handler.go:152.9,154.3 1 1
github.com/mascarock/gopayments/handler/handler.go:155.2,156.9 2 1
github.com/mascarock/gopayments/handler/handler.go:156.9,158.3 1 1
github.com/mascarock/gopayments/handler/handler.go:159.2,160.16 2 1
github.com/mascarock/gopayments/handler/handler.go:160.16,163.3 2 1
github.com/mascarock/gopayments/handler/handler.go:164.2,164.33 1 1
github.com/mascarock/gopayments/handler/handler.go:167.85,171.61 2 1
github.com/mascarock/gopayments/handler/handler.go:171.61,174.3 2 1
github.com/mascarock/gopayments/handler/handler.go:175.2,175.21 1 1
github.com/mascarock/gopayments/handler/handler.go:175.21,178.3 2 1
github.com/mascarock/gopayments/handler/handler.go:179.2,179.25 1 1
github.com/mascarock/gopayments/handler/handler.go:184.84,186.2 1 1
github.com/mascarock/gopayments/handler/handler.go:188.79,190.2 1 1
github.com/mascarock/gopayments/handler/handler.go:196.73,198.17 2 1
github.com/mascarock/gopayments/handler/handler.go:198.17,210.3 6 1
github.com/mascarock/gopayments/handler/handler.go:212.2,213.12 2 1
github.com/mascarock/gopayments/handler/handler.go:213.12,216.3 2 1
github.com/mascarock/gopayments/handler/handler.go:218.2,223.4 1 1
github.com/mascarock/gopayments/handler/handler.go:226.74,232.61 2 1
github.com/mascarock/gopayments/handler/handler.go:232.61,235.3 2 1
github.com/mascarock/gopayments/handler/handler.go:237.2,238.9 2 1
github.com/mascarock/gopayments/handler/handler.go:238.9,241.3 2 1
github.com/mascarock/gopayments/handler/handler.go:242.2,242.80 1 1
github.com/mascarock/gopayments/handler/handler.go:242.80,245.3 2 1
github.com/mascarock/gopayments/handler/handler.go:247.2,248.17 2 1
github.com/mascarock/gopayments/handler/handler.go:248.17,250.3 1 1
github.com/mascarock/gopayments/handler/handler.go:252.2,256.16 2 1
github.com/mascarock/gopayments/handler/handler.go:256.16,259.3 2 1
github.com/mascarock/gopayments/handler/handler.go:261.2,267.4 2 1
github.com/mascarock/gopayments/handler/handler.go:272.76,279.61 2 1
github.com/mascarock/gopayments/handler/handler.go:279.61,282.3 2 1
github.com/mascarock/gopayments/handler/handler.go:283.2,283.67 1 1
github.com/mascarock/gopayments/handler/handler.go:283.67,286.3 2 1
github.com/mascarock/gopayments/handler/handler.go:287.2,287.36 1 1
github.com/mascarock/gopayments/handler/handler.go:287.36,290.3 2 1
github.com/mascarock/gopayments/handler/handler.go:292.2,293.9 2 1
github.com/mascarock/gopayments/handler/handler.go:293.9,296.3 2 1
github.com/mascarock/gopayments/handler/handler.go:297.2,297.84 1 1
github.com/mascarock/gopayments/handler/handler.go:297.84,300.3 2 1
github.com/mascarock/gopayments/handler/handler.go:302.2,303.16 2 1
github.com/mascarock/gopayments/handler/handler.go:303.16,306.3 2 1
github.com/mascarock/gopayments/handler/handler.go:307.2,307.46 1 1
github.com/mascarock/gopayments/handler/handler.go:310.75,312.2 1 1
github.com/mascarock/gopayments/handler/handler.go:316.68,318.2 1 1
github.com/mascarock/gopayments/handler/middleware.go:11.48,12.71 1 0
github.com/mascarock/gopayments/handler/middleware.go:12.71,13.20 1 0
github.com/mascarock/gopayments/handler/middleware.go:13.20,15.4 1 0
github.com/mascarock/gopayments/handler/middleware.go:16.3,16.23 1 0
github.com/mascarock/gopayments/handler/middleware.go:32.66,40.2 3 0
github.com/mascarock/gopayments/handler/middleware.go:42.34,43.6 1 0
github.com/mascarock/gopayments/handler/middleware.go:43.6,47.34 4 0
github.com/mascarock/gopayments/handler/middleware.go:47.34,48.28 1 0
github.com/mascarock/gopayments/handler/middleware.go:48.28,50.5 1 0
github.com/mascarock/gopayments/handler/middleware.go:52.3,52.17 1 0
github.com/mascarock/gopayments/handler/middleware.go:56.46,61.44 4 0
github.com/mascarock/gopayments/handler/middleware.go:61.44,64.3 2 0
github.com/mascarock/gopayments/handler/middleware.go:65.2,66.27 2 0
github.com/mascarock/gopayments/handler/middleware.go:71.48,73.71 2 0
github.com/mascarock/gopayments/handler/middleware.go:73.71,75.56 2 0
github.com/mascarock/gopayments/handler/middleware.go:75.56,77.4 1 0
github.com/mascarock/gopayments/handler/middleware.go:78.3,78.25 1 0
github.com/mascarock/gopayments/handler/middleware.go:78.25,81.4 2 0
github.com/mascarock/gopayments/handler/middleware.go:82.3,82.23 1 0
github.com/mascarock/gopayments/handler/middleware.go:86.54,87.71 1 0
github.com/mascarock/gopayments/handler/middleware.go:87.71,92.3 4 0
github.com/mascarock/gopayments/handler/router.go:10.90,13.33 3 1
github.com/mascarock/gopayments/handler/router.go:13.33,15.3 1 0
github.com/mascarock/gopayments/handler/router.go:17.2,17.37 1 1
github.com/mascarock/gopayments/handler/router.go:17.37,21.42 3 1
github.com/mascarock/gopayments/handler/router.go:21.42,24.40 3 1
github.com/mascarock/gopayments/handler/router.go:24.40,31.5 6 1
github.com/mascarock/gopayments/handler/router.go:34.3,34.46 1 1
github.com/mascarock/gopayments/handler/router.go:34.46,37.4 2 1
github.com/mascarock/gopayments/handler/router.go:39.3,39.43 1 1
github.com/mascarock/gopayments/handler/router.go:39.43,41.4 1 1
github.com/mascarock/gopayments/handler/router.go:43.3,43.44 1 1
github.com/mascarock/gopayments/handler/router.go:46.2,46.10 1 1
